// Jest Snapshot v1, https://goo.gl/fbAQLP

exports[`Render Generic Component should render 1`] = `
Object {
  "amount": "mocked_amount",
  "countryCode": "mocked_countrycode",
  "paymentMethodsConfiguration": Object {
    "amazonpay": Object {
      "addressDetails": Object {
        "addressLine1": "test",
        "city": "test",
        "countryCode": "test",
        "name": "test test",
        "phoneNumber": "test",
        "postalCode": "test",
        "stateOrRegion": "test",
      },
      "configuration": undefined,
    },
  },
  "session": Object {
    "id": "mock_id",
    "sessionData": "mock_session_data",
  },
}
`;
