// Jest Snapshot v1, https://goo.gl/fbAQLP

exports[`Render Generic Component should render 1`] = `
Object {
  "amount": "mocked_amount",
  "countryCode": "mocked_country",
  "paymentMethodsResponse": Object {
    "paymentMethods": Array [
      Object {
        "name": "Card",
        "type": "scheme",
      },
    ],
    "storedPaymentMethods": true,
  },
}
`;
