// Jest Snapshot v1, https://goo.gl/fbAQLP

exports[`Begin should set view data 1`] = `
Array [
  Array [
    Object {
      "adyen": Object {
        "cardholderNameBool": true,
        "environment": "test",
        "googleMerchantID": "mocked_google_merchant_id",
        "installments": true,
        "merchantAccount": "mocked_merchant_account",
        "originKey": "mocked_origin_key",
        "paypalMerchantID": "mocked_paypal_merchant_id",
      },
    },
  ],
]
`;
