// Jest Snapshot v1, https://goo.gl/fbAQLP

exports[`Render Generic Component should hide giftcard container 1`] = `
{
  "amount": {
    "currency": "mocked_currency",
    "value": "mocked_amount",
  },
  "countryCode": "mocked_countrycode",
  "paymentMethodsResponse": {
    "imagePath": "example.com",
  },
}
`;

exports[`Render Generic Component should render 1`] = `
{
  "amount": {
    "currency": "mocked_currency",
    "value": "mocked_amount",
  },
  "countryCode": "mocked_countrycode",
  "paymentMethodsResponse": {
    "imagePath": "example.com",
  },
}
`;
