// Jest Snapshot v1, https://goo.gl/fbAQLP

exports[`Order should handle place order error 1`] = `
Array [
  Array [
    "orderConfirmForm",
    Object {
      "orderID": "mocked_orderNo",
      "orderToken": "mocked_orderToken",
    },
  ],
]
`;

exports[`Order should handle place order error 1`] = `Array []`;
