// Jest Snapshot v1, https://goo.gl/fbAQLP

exports[`Fraud should return json response with error when fraud status is "fail" 1`] = `
Array [
  Array [
    Object {
      "cartError": true,
      "error": true,
      "errorMessage": "mocked_error.technical",
      "redirectUrl": "[\\"Error-ErrorCode\\",\\"err\\",null]",
    },
  ],
]
`;
