// Jest Snapshot v1, https://goo.gl/fbAQLP

exports[`Adyen 3DS2 should render 1`] = `
Array [
  Array [
    "/threeds2/adyen3ds2",
    Object {
      "action": "mocked_adyen_action",
      "clientKey": "mocked_client_key",
      "environment": "test",
      "locale": "nl_NL",
      "merchantReference": "mocked_orderNo",
      "resultCode": "Authorised",
    },
  ],
]
`;
